// Jest Snapshot v1, https://goo.gl/fbAQLP

exports[`Fluent Bit: Directives @SET Parses @SET in configuration (case insensitive) 1`] = `
Array [
  Object {
    "col": 7,
    "filePath": "/__fixtures__/directives/set/ephemeral.conf",
    "line": 2,
    "lineBreaks": 0,
    "offset": 7,
    "text": "@Set A=A",
    "toString": [Function],
    "type": "SET",
    "value": "@SET A=A",
  },
  Object {
    "col": 7,
    "filePath": "/__fixtures__/directives/set/ephemeral.conf",
    "line": 3,
    "lineBreaks": 0,
    "offset": 22,
    "text": "@SeT B=B",
    "toString": [Function],
    "type": "SET",
    "value": "@SET B=B",
  },
  Object {
    "col": 7,
    "filePath": "/__fixtures__/directives/set/ephemeral.conf",
    "line": 4,
    "lineBreaks": 0,
    "offset": 37,
    "text": "@SEt C=C",
    "toString": [Function],
    "type": "SET",
    "value": "@SET C=C",
  },
  Object {
    "col": 7,
    "filePath": "/__fixtures__/directives/set/ephemeral.conf",
    "line": 5,
    "lineBreaks": 0,
    "offset": 52,
    "text": "@seT D=D",
    "toString": [Function],
    "type": "SET",
    "value": "@SET D=D",
  },
  Object {
    "col": 7,
    "filePath": "/__fixtures__/directives/set/ephemeral.conf",
    "line": 6,
    "lineBreaks": 0,
    "offset": 67,
    "text": "@sET E=E",
    "toString": [Function],
    "type": "SET",
    "value": "@SET E=E",
  },
  Object {
    "col": 7,
    "filePath": "/__fixtures__/directives/set/ephemeral.conf",
    "line": 7,
    "lineBreaks": 0,
    "offset": 82,
    "text": "@sEt F=F",
    "toString": [Function],
    "type": "SET",
    "value": "@SET F=F",
  },
]
`;
