// Jest Snapshot v1, https://goo.gl/fbAQLP

exports[`Fluent Bit Utilities Retrieves the right tokens set from the given section. 1`] = `
Array [
  Object {
    "col": 1,
    "filePath": "<PROJECT_ROOT>/__fixtures__/basic/basic.conf",
    "line": 1,
    "lineBreaks": 0,
    "offset": 0,
    "text": "[",
    "toString": [Function],
    "type": "OPEN_BLOCK",
    "value": "[",
  },
  Object {
    "col": 2,
    "filePath": "<PROJECT_ROOT>/__fixtures__/basic/basic.conf",
    "line": 1,
    "lineBreaks": 0,
    "offset": 1,
    "text": "INPUT",
    "toString": [Function],
    "type": "INPUT",
    "value": "INPUT",
  },
  Object {
    "col": 7,
    "filePath": "<PROJECT_ROOT>/__fixtures__/basic/basic.conf",
    "line": 1,
    "lineBreaks": 0,
    "offset": 6,
    "text": "]",
    "toString": [Function],
    "type": "CLOSE_BLOCK",
    "value": "]",
  },
  Object {
    "col": 5,
    "filePath": "<PROJECT_ROOT>/__fixtures__/basic/basic.conf",
    "line": 2,
    "lineBreaks": 0,
    "offset": 12,
    "text": "Name        tail # some comment",
    "toString": [Function],
    "type": "PROPERTIES",
    "value": "Name tail # some comment",
  },
  Object {
    "col": 5,
    "filePath": "<PROJECT_ROOT>/__fixtures__/basic/basic.conf",
    "line": 3,
    "lineBreaks": 0,
    "offset": 48,
    "text": "Tag         tail.01",
    "toString": [Function],
    "type": "PROPERTIES",
    "value": "Tag tail.01",
  },
  Object {
    "col": 5,
    "filePath": "<PROJECT_ROOT>/__fixtures__/basic/basic.conf",
    "line": 4,
    "lineBreaks": 0,
    "offset": 72,
    "text": "Path        /var/log/system.log",
    "toString": [Function],
    "type": "PROPERTIES",
    "value": "Path /var/log/system.log",
  },
  Object {
    "col": 1,
    "filePath": "<PROJECT_ROOT>/__fixtures__/basic/basic.conf",
    "line": 6,
    "lineBreaks": 0,
    "offset": 105,
    "text": "[",
    "toString": [Function],
    "type": "OPEN_BLOCK",
    "value": "[",
  },
  Object {
    "col": 2,
    "filePath": "<PROJECT_ROOT>/__fixtures__/basic/basic.conf",
    "line": 6,
    "lineBreaks": 0,
    "offset": 106,
    "text": "OUTPUT",
    "toString": [Function],
    "type": "OUTPUT",
    "value": "OUTPUT",
  },
  Object {
    "col": 8,
    "filePath": "<PROJECT_ROOT>/__fixtures__/basic/basic.conf",
    "line": 6,
    "lineBreaks": 0,
    "offset": 112,
    "text": "]",
    "toString": [Function],
    "type": "CLOSE_BLOCK",
    "value": "]",
  },
  Object {
    "col": 5,
    "filePath": "<PROJECT_ROOT>/__fixtures__/basic/basic.conf",
    "line": 7,
    "lineBreaks": 0,
    "offset": 118,
    "text": "Name s3",
    "toString": [Function],
    "type": "PROPERTIES",
    "value": "Name s3",
  },
  Object {
    "col": 5,
    "filePath": "<PROJECT_ROOT>/__fixtures__/basic/basic.conf",
    "line": 8,
    "lineBreaks": 0,
    "offset": 130,
    "text": "Match *",
    "toString": [Function],
    "type": "PROPERTIES",
    "value": "Match *",
  },
  Object {
    "col": 5,
    "filePath": "<PROJECT_ROOT>/__fixtures__/basic/basic.conf",
    "line": 9,
    "lineBreaks": 0,
    "offset": 142,
    "text": "bucket your-bucket",
    "toString": [Function],
    "type": "PROPERTIES",
    "value": "bucket your-bucket",
  },
  Object {
    "col": 5,
    "filePath": "<PROJECT_ROOT>/__fixtures__/basic/basic.conf",
    "line": 10,
    "lineBreaks": 0,
    "offset": 165,
    "text": "region us-east-1",
    "toString": [Function],
    "type": "PROPERTIES",
    "value": "region us-east-1",
  },
  Object {
    "col": 5,
    "filePath": "<PROJECT_ROOT>/__fixtures__/basic/basic.conf",
    "line": 11,
    "lineBreaks": 0,
    "offset": 186,
    "text": "store_dir /home/ec2-user/buffer",
    "toString": [Function],
    "type": "PROPERTIES",
    "value": "store_dir /home/ec2-user/buffer",
  },
  Object {
    "col": 5,
    "filePath": "<PROJECT_ROOT>/__fixtures__/basic/basic.conf",
    "line": 12,
    "lineBreaks": 0,
    "offset": 222,
    "text": "total_file_size 50M",
    "toString": [Function],
    "type": "PROPERTIES",
    "value": "total_file_size 50M",
  },
  Object {
    "col": 5,
    "filePath": "<PROJECT_ROOT>/__fixtures__/basic/basic.conf",
    "line": 13,
    "lineBreaks": 0,
    "offset": 246,
    "text": "upload_timeout 10m",
    "toString": [Function],
    "type": "PROPERTIES",
    "value": "upload_timeout 10m",
  },
  Object {
    "col": 1,
    "filePath": "<PROJECT_ROOT>/__fixtures__/basic/basic.conf",
    "line": 15,
    "lineBreaks": 0,
    "offset": 266,
    "text": "[",
    "toString": [Function],
    "type": "OPEN_BLOCK",
    "value": "[",
  },
  Object {
    "col": 2,
    "filePath": "<PROJECT_ROOT>/__fixtures__/basic/basic.conf",
    "line": 15,
    "lineBreaks": 0,
    "offset": 267,
    "text": "OUTPUT",
    "toString": [Function],
    "type": "OUTPUT",
    "value": "OUTPUT",
  },
  Object {
    "col": 8,
    "filePath": "<PROJECT_ROOT>/__fixtures__/basic/basic.conf",
    "line": 15,
    "lineBreaks": 0,
    "offset": 273,
    "text": "]",
    "toString": [Function],
    "type": "CLOSE_BLOCK",
    "value": "]",
  },
  Object {
    "col": 5,
    "filePath": "<PROJECT_ROOT>/__fixtures__/basic/basic.conf",
    "line": 16,
    "lineBreaks": 0,
    "offset": 279,
    "text": "Name        splunk",
    "toString": [Function],
    "type": "PROPERTIES",
    "value": "Name splunk",
  },
  Object {
    "col": 5,
    "filePath": "<PROJECT_ROOT>/__fixtures__/basic/basic.conf",
    "line": 17,
    "lineBreaks": 0,
    "offset": 302,
    "text": "Match       *",
    "toString": [Function],
    "type": "PROPERTIES",
    "value": "Match *",
  },
  Object {
    "col": 5,
    "filePath": "<PROJECT_ROOT>/__fixtures__/basic/basic.conf",
    "line": 18,
    "lineBreaks": 0,
    "offset": 320,
    "text": "Host        127.0.0.1",
    "toString": [Function],
    "type": "PROPERTIES",
    "value": "Host 127.0.0.1",
  },
  Object {
    "col": 5,
    "filePath": "<PROJECT_ROOT>/__fixtures__/basic/basic.conf",
    "line": 19,
    "lineBreaks": 0,
    "offset": 346,
    "text": "Port        8088",
    "toString": [Function],
    "type": "PROPERTIES",
    "value": "Port 8088",
  },
  Object {
    "col": 5,
    "filePath": "<PROJECT_ROOT>/__fixtures__/basic/basic.conf",
    "line": 20,
    "lineBreaks": 0,
    "offset": 367,
    "text": "TLS         On",
    "toString": [Function],
    "type": "PROPERTIES",
    "value": "TLS On",
  },
  Object {
    "col": 5,
    "filePath": "<PROJECT_ROOT>/__fixtures__/basic/basic.conf",
    "line": 21,
    "lineBreaks": 0,
    "offset": 386,
    "text": "TLS.Verify  Off",
    "toString": [Function],
    "type": "PROPERTIES",
    "value": "TLS.Verify Off",
  },
  Object {
    "col": 5,
    "filePath": "<PROJECT_ROOT>/__fixtures__/basic/basic.conf",
    "line": 22,
    "lineBreaks": 0,
    "offset": 406,
    "text": "Message_Key my_key",
    "toString": [Function],
    "type": "PROPERTIES",
    "value": "Message_Key my_key",
  },
  Object {
    "col": 5,
    "filePath": "<PROJECT_ROOT>/__fixtures__/basic/basic.conf",
    "line": 23,
    "lineBreaks": 0,
    "offset": 429,
    "text": "add_label pipeline_id a21fd551-095b-4271-acf0-c2fdb3161b84",
    "toString": [Function],
    "type": "PROPERTIES",
    "value": "add_label pipeline_id a21fd551-095b-4271-acf0-c2fdb3161b84",
  },
]
`;

exports[`Fluent Bit Utilities Simpler section to tokens. 1`] = `
Array [
  Object {
    "col": 5,
    "filePath": "/nowhere/ephemeral.conf",
    "line": 2,
    "lineBreaks": 0,
    "offset": 5,
    "text": "[",
    "toString": [Function],
    "type": "OPEN_BLOCK",
    "value": "[",
  },
  Object {
    "col": 6,
    "filePath": "/nowhere/ephemeral.conf",
    "line": 2,
    "lineBreaks": 0,
    "offset": 6,
    "text": "INPUT",
    "toString": [Function],
    "type": "INPUT",
    "value": "INPUT",
  },
  Object {
    "col": 11,
    "filePath": "/nowhere/ephemeral.conf",
    "line": 2,
    "lineBreaks": 0,
    "offset": 11,
    "text": "]",
    "toString": [Function],
    "type": "CLOSE_BLOCK",
    "value": "]",
  },
  Object {
    "col": 7,
    "filePath": "/nowhere/ephemeral.conf",
    "line": 3,
    "lineBreaks": 0,
    "offset": 19,
    "text": "Name        tail # some comment",
    "toString": [Function],
    "type": "PROPERTIES",
    "value": "Name tail # some comment",
  },
  Object {
    "col": 7,
    "filePath": "/nowhere/ephemeral.conf",
    "line": 4,
    "lineBreaks": 0,
    "offset": 57,
    "text": "Tag         tail.01",
    "toString": [Function],
    "type": "PROPERTIES",
    "value": "Tag tail.01",
  },
  Object {
    "col": 7,
    "filePath": "/nowhere/ephemeral.conf",
    "line": 5,
    "lineBreaks": 0,
    "offset": 83,
    "text": "Path        /var/log/system.log",
    "toString": [Function],
    "type": "PROPERTIES",
    "value": "Path /var/log/system.log",
  },
]
`;
